<?xml version="1.0"?>
<link_info>
   <banner>MSP430 Linker PC v4.4.5</banner>
   <copyright>Copyright (c) 2003-2015 Texas Instruments Incorporated</copyright>
   <link_time>0x5b3fbdb3</link_time>
   <link_errors>0x0</link_errors>
   <output_file>TPIP1_SendBeacon.out</output_file>
   <entry_point>
      <name>_c_int00_noargs_noexit</name>
      <address>0xe6c2</address>
   </entry_point>
   <input_file_list>
      <input_file id="fl-2">
         <path>.\</path>
         <kind>object</kind>
         <file>AlarmClock-v1.2.obj</file>
         <name>AlarmClock-v1.2.obj</name>
      </input_file>
      <input_file id="fl-3">
         <path>.\</path>
         <kind>object</kind>
         <file>interrupt.obj</file>
         <name>interrupt.obj</name>
      </input_file>
      <input_file id="fl-4">
         <path>.\</path>
         <kind>object</kind>
         <file>main.obj</file>
         <name>main.obj</name>
      </input_file>
      <input_file id="fl-5">
         <path>.\</path>
         <kind>object</kind>
         <file>optical_conn.obj</file>
         <name>optical_conn.obj</name>
      </input_file>
      <input_file id="fl-6">
         <path>.\sensing\</path>
         <kind>object</kind>
         <file>battery.obj</file>
         <name>battery.obj</name>
      </input_file>
      <input_file id="fl-7">
         <path>.\sensing\</path>
         <kind>object</kind>
         <file>htu21d.obj</file>
         <name>htu21d.obj</name>
      </input_file>
      <input_file id="fl-8">
         <path>.\sensing\</path>
         <kind>object</kind>
         <file>light.obj</file>
         <name>light.obj</name>
      </input_file>
      <input_file id="fl-9">
         <path>.\sensing\</path>
         <kind>object</kind>
         <file>moisture.obj</file>
         <name>moisture.obj</name>
      </input_file>
      <input_file id="fl-a">
         <path>.\sensing\</path>
         <kind>object</kind>
         <file>sensing.obj</file>
         <name>sensing.obj</name>
      </input_file>
      <input_file id="fl-b">
         <path>.\sensing\</path>
         <kind>object</kind>
         <file>temperature.obj</file>
         <name>temperature.obj</name>
      </input_file>
      <input_file id="fl-c">
         <path>.\Owl\</path>
         <kind>object</kind>
         <file>history.obj</file>
         <name>history.obj</name>
      </input_file>
      <input_file id="fl-d">
         <path>.\Owl\</path>
         <kind>object</kind>
         <file>mem_pool.obj</file>
         <name>mem_pool.obj</name>
      </input_file>
      <input_file id="fl-e">
         <path>.\CC110x\</path>
         <kind>object</kind>
         <file>CC1100-CC2500.obj</file>
         <name>CC1100-CC2500.obj</name>
      </input_file>
      <input_file id="fl-f">
         <path>.\CC110x\</path>
         <kind>object</kind>
         <file>TI_CC_spi.obj</file>
         <name>TI_CC_spi.obj</name>
      </input_file>
      <input_file id="fl-10">
         <path>.\CC110x\</path>
         <kind>object</kind>
         <file>rfsuite.obj</file>
         <name>rfsuite.obj</name>
      </input_file>
      <input_file id="fl-11">
         <path>.\CC110x\</path>
         <kind>object</kind>
         <file>tuning.obj</file>
         <name>tuning.obj</name>
      </input_file>
      <input_file id="fl-40">
         <path>C:\ti\ccsv6\tools\compiler\ti-cgt-msp430_4.4.5\lib\</path>
         <kind>archive</kind>
         <file>rts430.lib</file>
         <name>abs.obj</name>
      </input_file>
      <input_file id="fl-41">
         <path>C:\ti\ccsv6\tools\compiler\ti-cgt-msp430_4.4.5\lib\</path>
         <kind>archive</kind>
         <file>rts430.lib</file>
         <name>asr16.obj</name>
      </input_file>
      <input_file id="fl-42">
         <path>C:\ti\ccsv6\tools\compiler\ti-cgt-msp430_4.4.5\lib\</path>
         <kind>archive</kind>
         <file>rts430.lib</file>
         <name>asr32.obj</name>
      </input_file>
      <input_file id="fl-43">
         <path>C:\ti\ccsv6\tools\compiler\ti-cgt-msp430_4.4.5\lib\</path>
         <kind>archive</kind>
         <file>rts430.lib</file>
         <name>boot.obj</name>
      </input_file>
      <input_file id="fl-44">
         <path>C:\ti\ccsv6\tools\compiler\ti-cgt-msp430_4.4.5\lib\</path>
         <kind>archive</kind>
         <file>rts430.lib</file>
         <name>boot_special.obj</name>
      </input_file>
      <input_file id="fl-45">
         <path>C:\ti\ccsv6\tools\compiler\ti-cgt-msp430_4.4.5\lib\</path>
         <kind>archive</kind>
         <file>rts430.lib</file>
         <name>copy_decompress_none.obj</name>
      </input_file>
      <input_file id="fl-46">
         <path>C:\ti\ccsv6\tools\compiler\ti-cgt-msp430_4.4.5\lib\</path>
         <kind>archive</kind>
         <file>rts430.lib</file>
         <name>copy_decompress_rle.obj</name>
      </input_file>
      <input_file id="fl-47">
         <path>C:\ti\ccsv6\tools\compiler\ti-cgt-msp430_4.4.5\lib\</path>
         <kind>archive</kind>
         <file>rts430.lib</file>
         <name>copy_zero_init.obj</name>
      </input_file>
      <input_file id="fl-48">
         <path>C:\ti\ccsv6\tools\compiler\ti-cgt-msp430_4.4.5\lib\</path>
         <kind>archive</kind>
         <file>rts430.lib</file>
         <name>div16s.obj</name>
      </input_file>
      <input_file id="fl-49">
         <path>C:\ti\ccsv6\tools\compiler\ti-cgt-msp430_4.4.5\lib\</path>
         <kind>archive</kind>
         <file>rts430.lib</file>
         <name>div16u.obj</name>
      </input_file>
      <input_file id="fl-4a">
         <path>C:\ti\ccsv6\tools\compiler\ti-cgt-msp430_4.4.5\lib\</path>
         <kind>archive</kind>
         <file>rts430.lib</file>
         <name>div32s.obj</name>
      </input_file>
      <input_file id="fl-4b">
         <path>C:\ti\ccsv6\tools\compiler\ti-cgt-msp430_4.4.5\lib\</path>
         <kind>archive</kind>
         <file>rts430.lib</file>
         <name>div32u.obj</name>
      </input_file>
      <input_file id="fl-4c">
         <path>C:\ti\ccsv6\tools\compiler\ti-cgt-msp430_4.4.5\lib\</path>
         <kind>archive</kind>
         <file>rts430.lib</file>
         <name>epilog.obj</name>
      </input_file>
      <input_file id="fl-4d">
         <path>C:\ti\ccsv6\tools\compiler\ti-cgt-msp430_4.4.5\lib\</path>
         <kind>archive</kind>
         <file>rts430.lib</file>
         <name>exit.obj</name>
      </input_file>
      <input_file id="fl-4e">
         <path>C:\ti\ccsv6\tools\compiler\ti-cgt-msp430_4.4.5\lib\</path>
         <kind>archive</kind>
         <file>rts430.lib</file>
         <name>exit_gvars.obj</name>
      </input_file>
      <input_file id="fl-4f">
         <path>C:\ti\ccsv6\tools\compiler\ti-cgt-msp430_4.4.5\lib\</path>
         <kind>archive</kind>
         <file>rts430.lib</file>
         <name>fs_add.obj</name>
      </input_file>
      <input_file id="fl-50">
         <path>C:\ti\ccsv6\tools\compiler\ti-cgt-msp430_4.4.5\lib\</path>
         <kind>archive</kind>
         <file>rts430.lib</file>
         <name>fs_cmp.obj</name>
      </input_file>
      <input_file id="fl-51">
         <path>C:\ti\ccsv6\tools\compiler\ti-cgt-msp430_4.4.5\lib\</path>
         <kind>archive</kind>
         <file>rts430.lib</file>
         <name>fs_div.obj</name>
      </input_file>
      <input_file id="fl-52">
         <path>C:\ti\ccsv6\tools\compiler\ti-cgt-msp430_4.4.5\lib\</path>
         <kind>archive</kind>
         <file>rts430.lib</file>
         <name>fs_itof.obj</name>
      </input_file>
      <input_file id="fl-53">
         <path>C:\ti\ccsv6\tools\compiler\ti-cgt-msp430_4.4.5\lib\</path>
         <kind>archive</kind>
         <file>rts430.lib</file>
         <name>fs_ltof.obj</name>
      </input_file>
      <input_file id="fl-54">
         <path>C:\ti\ccsv6\tools\compiler\ti-cgt-msp430_4.4.5\lib\</path>
         <kind>archive</kind>
         <file>rts430.lib</file>
         <name>fs_mpy.obj</name>
      </input_file>
      <input_file id="fl-55">
         <path>C:\ti\ccsv6\tools\compiler\ti-cgt-msp430_4.4.5\lib\</path>
         <kind>archive</kind>
         <file>rts430.lib</file>
         <name>fs_toi.obj</name>
      </input_file>
      <input_file id="fl-56">
         <path>C:\ti\ccsv6\tools\compiler\ti-cgt-msp430_4.4.5\lib\</path>
         <kind>archive</kind>
         <file>rts430.lib</file>
         <name>fs_tol.obj</name>
      </input_file>
      <input_file id="fl-57">
         <path>C:\ti\ccsv6\tools\compiler\ti-cgt-msp430_4.4.5\lib\</path>
         <kind>archive</kind>
         <file>rts430.lib</file>
         <name>fs_tou.obj</name>
      </input_file>
      <input_file id="fl-58">
         <path>C:\ti\ccsv6\tools\compiler\ti-cgt-msp430_4.4.5\lib\</path>
         <kind>archive</kind>
         <file>rts430.lib</file>
         <name>fs_toul.obj</name>
      </input_file>
      <input_file id="fl-59">
         <path>C:\ti\ccsv6\tools\compiler\ti-cgt-msp430_4.4.5\lib\</path>
         <kind>archive</kind>
         <file>rts430.lib</file>
         <name>fs_ultof.obj</name>
      </input_file>
      <input_file id="fl-5a">
         <path>C:\ti\ccsv6\tools\compiler\ti-cgt-msp430_4.4.5\lib\</path>
         <kind>archive</kind>
         <file>rts430.lib</file>
         <name>fs_utof.obj</name>
      </input_file>
      <input_file id="fl-5b">
         <path>C:\ti\ccsv6\tools\compiler\ti-cgt-msp430_4.4.5\lib\</path>
         <kind>archive</kind>
         <file>rts430.lib</file>
         <name>int03.obj</name>
      </input_file>
      <input_file id="fl-5c">
         <path>C:\ti\ccsv6\tools\compiler\ti-cgt-msp430_4.4.5\lib\</path>
         <kind>archive</kind>
         <file>rts430.lib</file>
         <name>int06.obj</name>
      </input_file>
      <input_file id="fl-5d">
         <path>C:\ti\ccsv6\tools\compiler\ti-cgt-msp430_4.4.5\lib\</path>
         <kind>archive</kind>
         <file>rts430.lib</file>
         <name>int07.obj</name>
      </input_file>
      <input_file id="fl-5e">
         <path>C:\ti\ccsv6\tools\compiler\ti-cgt-msp430_4.4.5\lib\</path>
         <kind>archive</kind>
         <file>rts430.lib</file>
         <name>int11.obj</name>
      </input_file>
      <input_file id="fl-5f">
         <path>C:\ti\ccsv6\tools\compiler\ti-cgt-msp430_4.4.5\lib\</path>
         <kind>archive</kind>
         <file>rts430.lib</file>
         <name>int12.obj</name>
      </input_file>
      <input_file id="fl-60">
         <path>C:\ti\ccsv6\tools\compiler\ti-cgt-msp430_4.4.5\lib\</path>
         <kind>archive</kind>
         <file>rts430.lib</file>
         <name>int14.obj</name>
      </input_file>
      <input_file id="fl-61">
         <path>C:\ti\ccsv6\tools\compiler\ti-cgt-msp430_4.4.5\lib\</path>
         <kind>archive</kind>
         <file>rts430.lib</file>
         <name>isr_trap.obj</name>
      </input_file>
      <input_file id="fl-62">
         <path>C:\ti\ccsv6\tools\compiler\ti-cgt-msp430_4.4.5\lib\</path>
         <kind>archive</kind>
         <file>rts430.lib</file>
         <name>lsl16.obj</name>
      </input_file>
      <input_file id="fl-63">
         <path>C:\ti\ccsv6\tools\compiler\ti-cgt-msp430_4.4.5\lib\</path>
         <kind>archive</kind>
         <file>rts430.lib</file>
         <name>lsl32.obj</name>
      </input_file>
      <input_file id="fl-64">
         <path>C:\ti\ccsv6\tools\compiler\ti-cgt-msp430_4.4.5\lib\</path>
         <kind>archive</kind>
         <file>rts430.lib</file>
         <name>lsr16.obj</name>
      </input_file>
      <input_file id="fl-65">
         <path>C:\ti\ccsv6\tools\compiler\ti-cgt-msp430_4.4.5\lib\</path>
         <kind>archive</kind>
         <file>rts430.lib</file>
         <name>lsr32.obj</name>
      </input_file>
      <input_file id="fl-66">
         <path>C:\ti\ccsv6\tools\compiler\ti-cgt-msp430_4.4.5\lib\</path>
         <kind>archive</kind>
         <file>rts430.lib</file>
         <name>memcpy.obj</name>
      </input_file>
      <input_file id="fl-67">
         <path>C:\ti\ccsv6\tools\compiler\ti-cgt-msp430_4.4.5\lib\</path>
         <kind>archive</kind>
         <file>rts430.lib</file>
         <name>mpu_init.obj</name>
      </input_file>
      <input_file id="fl-68">
         <path>C:\ti\ccsv6\tools\compiler\ti-cgt-msp430_4.4.5\lib\</path>
         <kind>archive</kind>
         <file>rts430.lib</file>
         <name>mult16.obj</name>
      </input_file>
      <input_file id="fl-69">
         <path>C:\ti\ccsv6\tools\compiler\ti-cgt-msp430_4.4.5\lib\</path>
         <kind>archive</kind>
         <file>rts430.lib</file>
         <name>mult32.obj</name>
      </input_file>
      <input_file id="fl-6a">
         <path>C:\ti\ccsv6\tools\compiler\ti-cgt-msp430_4.4.5\lib\</path>
         <kind>archive</kind>
         <file>rts430.lib</file>
         <name>pre_init.obj</name>
      </input_file>
      <input_file id="fl-6b">
         <path>C:\ti\ccsv6\tools\compiler\ti-cgt-msp430_4.4.5\lib\</path>
         <kind>archive</kind>
         <file>rts430.lib</file>
         <name>_lock.obj</name>
      </input_file>
      <input_file id="fl-6c">
         <path>C:\ti\ccsv6\tools\compiler\ti-cgt-msp430_4.4.5\lib\</path>
         <kind>archive</kind>
         <file>rts430.lib</file>
         <name>args_main.obj</name>
      </input_file>
      <input_file id="fl-6d">
         <path>C:\ti\ccsv6\tools\compiler\ti-cgt-msp430_4.4.5\lib\</path>
         <kind>archive</kind>
         <file>rts430.lib</file>
         <name>autoinit.obj</name>
      </input_file>
   </input_file_list>
   <object_component_list>
      <object_component id="oc-3d">
         <name>.bss</name>
         <uninitialized>true</uninitialized>
         <run_address>0x37a</run_address>
         <size>0x2</size>
         <input_file_ref idref="fl-2"/>
      </object_component>
      <object_component id="oc-42">
         <name>.bss</name>
         <uninitialized>true</uninitialized>
         <run_address>0x376</run_address>
         <size>0x3</size>
         <input_file_ref idref="fl-3"/>
      </object_component>
      <object_component id="oc-49">
         <name>.bss</name>
         <uninitialized>true</uninitialized>
         <run_address>0x294</run_address>
         <size>0x3f</size>
         <input_file_ref idref="fl-4"/>
      </object_component>
      <object_component id="oc-51">
         <name>.bss</name>
         <uninitialized>true</uninitialized>
         <run_address>0x324</run_address>
         <size>0x1c</size>
         <input_file_ref idref="fl-5"/>
      </object_component>
      <object_component id="oc-57">
         <name>.bss</name>
         <uninitialized>true</uninitialized>
         <run_address>0x36e</run_address>
         <size>0x4</size>
         <input_file_ref idref="fl-6"/>
      </object_component>
      <object_component id="oc-5e">
         <name>.bss</name>
         <uninitialized>true</uninitialized>
         <run_address>0x354</run_address>
         <size>0x13</size>
         <input_file_ref idref="fl-7"/>
      </object_component>
      <object_component id="oc-66">
         <name>.bss</name>
         <uninitialized>true</uninitialized>
         <run_address>0x368</run_address>
         <size>0x6</size>
         <input_file_ref idref="fl-8"/>
      </object_component>
      <object_component id="oc-6d">
         <name>.bss</name>
         <uninitialized>true</uninitialized>
         <run_address>0x372</run_address>
         <size>0x4</size>
         <input_file_ref idref="fl-9"/>
      </object_component>
      <object_component id="oc-74">
         <name>.bss</name>
         <uninitialized>true</uninitialized>
         <run_address>0x37e</run_address>
         <size>0x2</size>
         <input_file_ref idref="fl-a"/>
      </object_component>
      <object_component id="oc-7b">
         <name>.bss</name>
         <uninitialized>true</uninitialized>
         <run_address>0x302</run_address>
         <size>0x22</size>
         <input_file_ref idref="fl-b"/>
      </object_component>
      <object_component id="oc-82">
         <name>.bss</name>
         <uninitialized>true</uninitialized>
         <run_address>0x200</run_address>
         <size>0x94</size>
         <input_file_ref idref="fl-c"/>
      </object_component>
      <object_component id="oc-89">
         <name>.bss</name>
         <uninitialized>true</uninitialized>
         <run_address>0x2d4</run_address>
         <size>0x2d</size>
         <input_file_ref idref="fl-d"/>
      </object_component>
      <object_component id="oc-95">
         <name>.bss</name>
         <uninitialized>true</uninitialized>
         <run_address>0x37c</run_address>
         <size>0x2</size>
         <input_file_ref idref="fl-f"/>
      </object_component>
      <object_component id="oc-a1">
         <name>.bss</name>
         <uninitialized>true</uninitialized>
         <run_address>0x340</run_address>
         <size>0x14</size>
         <input_file_ref idref="fl-11"/>
      </object_component>
      <object_component id="oc-b7">
         <name>.stack</name>
         <uninitialized>true</uninitialized>
         <run_address>0x3b0</run_address>
         <size>0x2</size>
         <input_file_ref idref="fl-43"/>
      </object_component>
      <object_component id="oc-1ed">
         <name>.stack</name>
         <uninitialized>true</uninitialized>
         <run_address>0x3b0</run_address>
         <size>0x0</size>
      </object_component>
      <object_component id="oc-174">
         <name>.text:main</name>
         <load_address>0xc000</load_address>
         <run_address>0xc000</run_address>
         <size>0x4ba</size>
         <input_file_ref idref="fl-4"/>
      </object_component>
      <object_component id="oc-1b5">
         <name>.text:senseHTU21DHumidity</name>
         <load_address>0xc4ba</load_address>
         <run_address>0xc4ba</run_address>
         <size>0x1ca</size>
         <input_file_ref idref="fl-7"/>
      </object_component>
      <object_component id="oc-193">
         <name>.text:addHistory</name>
         <load_address>0xc684</load_address>
         <run_address>0xc684</run_address>
         <size>0x1ba</size>
         <input_file_ref idref="fl-c"/>
      </object_component>
      <object_component id="oc-1a3">
         <name>.text:writeRFSettings</name>
         <load_address>0xc83e</load_address>
         <run_address>0xc83e</run_address>
         <size>0x184</size>
         <input_file_ref idref="fl-e"/>
      </object_component>
      <object_component id="oc-1b4">
         <name>.text:senseHTU21DTemperature</name>
         <load_address>0xc9c2</load_address>
         <run_address>0xc9c2</run_address>
         <size>0x182</size>
         <input_file_ref idref="fl-7"/>
      </object_component>
      <object_component id="oc-191">
         <name>.text:doMoistureSense</name>
         <load_address>0xcb44</load_address>
         <run_address>0xcb44</run_address>
         <size>0x13a</size>
         <input_file_ref idref="fl-9"/>
      </object_component>
      <object_component id="oc-f0">
         <name>.text</name>
         <load_address>0xcc7e</load_address>
         <run_address>0xcc7e</run_address>
         <size>0x130</size>
         <input_file_ref idref="fl-4f"/>
      </object_component>
      <object_component id="oc-197">
         <name>.text:ReWriteCC1101Registers</name>
         <load_address>0xcdae</load_address>
         <run_address>0xcdae</run_address>
         <size>0x10e</size>
         <input_file_ref idref="fl-11"/>
      </object_component>
      <object_component id="oc-3c">
         <name>.text</name>
         <load_address>0xcebc</load_address>
         <run_address>0xcebc</run_address>
         <size>0xec</size>
         <input_file_ref idref="fl-2"/>
      </object_component>
      <object_component id="oc-1b9">
         <name>.text:getUsedJoules</name>
         <load_address>0xcfa8</load_address>
         <run_address>0xcfa8</run_address>
         <size>0xe2</size>
         <input_file_ref idref="fl-6"/>
      </object_component>
      <object_component id="oc-1b3">
         <name>.text:relativeLightLevel</name>
         <load_address>0xd08a</load_address>
         <run_address>0xd08a</run_address>
         <size>0xc4</size>
         <input_file_ref idref="fl-8"/>
      </object_component>
      <object_component id="oc-109">
         <name>.text</name>
         <load_address>0xd14e</load_address>
         <run_address>0xd14e</run_address>
         <size>0xc2</size>
         <input_file_ref idref="fl-54"/>
      </object_component>
      <object_component id="oc-187">
         <name>.text:initHTU21D</name>
         <load_address>0xd210</load_address>
         <run_address>0xd210</run_address>
         <size>0xbe</size>
         <input_file_ref idref="fl-7"/>
      </object_component>
      <object_component id="oc-19b">
         <name>.text:recalibrateVLO</name>
         <load_address>0xd2ce</load_address>
         <run_address>0xd2ce</run_address>
         <size>0xbe</size>
         <input_file_ref idref="fl-4"/>
      </object_component>
      <object_component id="oc-1ae">
         <name>.text:readIICByte</name>
         <load_address>0xd38c</load_address>
         <run_address>0xd38c</run_address>
         <size>0xa0</size>
         <input_file_ref idref="fl-7"/>
      </object_component>
      <object_component id="oc-fa">
         <name>.text</name>
         <load_address>0xd42c</load_address>
         <run_address>0xd42c</run_address>
         <size>0x9a</size>
         <input_file_ref idref="fl-51"/>
      </object_component>
      <object_component id="oc-1b7">
         <name>.text:cm_getMoistureLevel</name>
         <load_address>0xd4c6</load_address>
         <run_address>0xd4c6</run_address>
         <size>0x92</size>
         <input_file_ref idref="fl-9"/>
      </object_component>
      <object_component id="oc-1a2">
         <name>.text:TI_CC_PowerupResetCCxxxx</name>
         <load_address>0xd558</load_address>
         <run_address>0xd558</run_address>
         <size>0x8e</size>
         <input_file_ref idref="fl-f"/>
      </object_component>
      <object_component id="oc-1ac">
         <name>.text:writeIICByte</name>
         <load_address>0xd5e6</load_address>
         <run_address>0xd5e6</run_address>
         <size>0x82</size>
         <input_file_ref idref="fl-7"/>
      </object_component>
      <object_component id="oc-199">
         <name>.text:restoreCC11xxRegs</name>
         <load_address>0xd668</load_address>
         <run_address>0xd668</run_address>
         <size>0x7e</size>
         <input_file_ref idref="fl-11"/>
      </object_component>
      <object_component id="oc-113">
         <name>.text</name>
         <load_address>0xd6e6</load_address>
         <run_address>0xd6e6</run_address>
         <size>0x7e</size>
         <input_file_ref idref="fl-56"/>
      </object_component>
      <object_component id="oc-16d">
         <name>.text:TIMER0_A1_ISR</name>
         <load_address>0xd764</load_address>
         <run_address>0xd764</run_address>
         <size>0x76</size>
         <input_file_ref idref="fl-3"/>
      </object_component>
      <object_component id="oc-1b8">
         <name>.text:Msp430_GetSupplyVoltage</name>
         <load_address>0xd7da</load_address>
         <run_address>0xd7da</run_address>
         <size>0x74</size>
         <input_file_ref idref="fl-6"/>
      </object_component>
      <object_component id="oc-1aa">
         <name>.text:IICWarmup</name>
         <load_address>0xd84e</load_address>
         <run_address>0xd84e</run_address>
         <size>0x6c</size>
         <input_file_ref idref="fl-7"/>
      </object_component>
      <object_component id="oc-1b6">
         <name>.text:cm_initMoistureSense</name>
         <load_address>0xd8ba</load_address>
         <run_address>0xd8ba</run_address>
         <size>0x6c</size>
         <input_file_ref idref="fl-9"/>
      </object_component>
      <object_component id="oc-10e">
         <name>.text</name>
         <load_address>0xd926</load_address>
         <run_address>0xd926</run_address>
         <size>0x68</size>
         <input_file_ref idref="fl-55"/>
      </object_component>
      <object_component id="oc-19e">
         <name>.text:transmitAndPwrDown</name>
         <load_address>0xd98e</load_address>
         <run_address>0xd98e</run_address>
         <size>0x66</size>
         <input_file_ref idref="fl-4"/>
      </object_component>
      <object_component id="oc-1bf">
         <name>.text:checkCRC</name>
         <load_address>0xd9f4</load_address>
         <run_address>0xd9f4</run_address>
         <size>0x60</size>
         <input_file_ref idref="fl-7"/>
      </object_component>
      <object_component id="oc-195">
         <name>.text:getTemperature</name>
         <load_address>0xda54</load_address>
         <run_address>0xda54</run_address>
         <size>0x60</size>
         <input_file_ref idref="fl-b"/>
      </object_component>
      <object_component id="oc-183">
         <name>.text:flashLights</name>
         <load_address>0xdab4</load_address>
         <run_address>0xdab4</run_address>
         <size>0x5e</size>
         <input_file_ref idref="fl-5"/>
      </object_component>
      <object_component id="oc-17f">
         <name>.text:l_lsr_const</name>
         <load_address>0xdb12</load_address>
         <run_address>0xdb12</run_address>
         <size>0x5c</size>
         <input_file_ref idref="fl-65"/>
      </object_component>
      <object_component id="oc-e0">
         <name>.text</name>
         <load_address>0xdb6e</load_address>
         <run_address>0xdb6e</run_address>
         <size>0x58</size>
         <input_file_ref idref="fl-4b"/>
      </object_component>
      <object_component id="oc-1a8">
         <name>.text:storeCC11xxRegs</name>
         <load_address>0xdbc6</load_address>
         <run_address>0xdbc6</run_address>
         <size>0x56</size>
         <input_file_ref idref="fl-11"/>
      </object_component>
      <object_component id="oc-1c1">
         <name>.text:crystalOn</name>
         <load_address>0xdc1c</load_address>
         <run_address>0xdc1c</run_address>
         <size>0x54</size>
         <input_file_ref idref="fl-9"/>
      </object_component>
      <object_component id="oc-18c">
         <name>.text:doTemp7Binary</name>
         <load_address>0xdc70</load_address>
         <run_address>0xdc70</run_address>
         <size>0x54</size>
         <input_file_ref idref="fl-a"/>
      </object_component>
      <object_component id="oc-186">
         <name>.text:setupAndPowerDownCC11xx</name>
         <load_address>0xdcc4</load_address>
         <run_address>0xdcc4</run_address>
         <size>0x50</size>
         <input_file_ref idref="fl-11"/>
      </object_component>
      <object_component id="oc-11d">
         <name>.text</name>
         <load_address>0xdd14</load_address>
         <run_address>0xdd14</run_address>
         <size>0x4c</size>
         <input_file_ref idref="fl-58"/>
      </object_component>
      <object_component id="oc-13a">
         <name>.text</name>
         <load_address>0xdd60</load_address>
         <run_address>0xdd60</run_address>
         <size>0x4c</size>
         <input_file_ref idref="fl-64"/>
      </object_component>
      <object_component id="oc-18f">
         <name>.text:doSenseHTUTemp16F</name>
         <load_address>0xddac</load_address>
         <run_address>0xddac</run_address>
         <size>0x4a</size>
         <input_file_ref idref="fl-7"/>
      </object_component>
      <object_component id="oc-1be">
         <name>.text:recal</name>
         <load_address>0xddf6</load_address>
         <run_address>0xddf6</run_address>
         <size>0x4a</size>
         <input_file_ref idref="fl-11"/>
      </object_component>
      <object_component id="oc-198">
         <name>.text:recalRadioFromTemp</name>
         <load_address>0xde40</load_address>
         <run_address>0xde40</run_address>
         <size>0x4a</size>
         <input_file_ref idref="fl-b"/>
      </object_component>
      <object_component id="oc-f5">
         <name>.text</name>
         <load_address>0xde8a</load_address>
         <run_address>0xde8a</run_address>
         <size>0x4a</size>
         <input_file_ref idref="fl-50"/>
      </object_component>
      <object_component id="oc-104">
         <name>.text</name>
         <load_address>0xded4</load_address>
         <run_address>0xded4</run_address>
         <size>0x4a</size>
         <input_file_ref idref="fl-53"/>
      </object_component>
      <object_component id="oc-184">
         <name>.text:setMSP430Pins</name>
         <load_address>0xdf1e</load_address>
         <run_address>0xdf1e</run_address>
         <size>0x4a</size>
         <input_file_ref idref="fl-4"/>
      </object_component>
      <object_component id="oc-170">
         <name>.text:_auto_init</name>
         <load_address>0xdf68</load_address>
         <run_address>0xdf68</run_address>
         <size>0x48</size>
         <input_file_ref idref="fl-6d"/>
      </object_component>
      <object_component id="oc-1a5">
         <name>.text:setFreq</name>
         <load_address>0xdfb0</load_address>
         <run_address>0xdfb0</run_address>
         <size>0x48</size>
         <input_file_ref idref="fl-11"/>
      </object_component>
      <object_component id="oc-194">
         <name>.text:doBatterySense</name>
         <load_address>0xdff8</load_address>
         <run_address>0xdff8</run_address>
         <size>0x46</size>
         <input_file_ref idref="fl-6"/>
      </object_component>
      <object_component id="oc-190">
         <name>.text:doSenseHTURH16F</name>
         <load_address>0xe03e</load_address>
         <run_address>0xe03e</run_address>
         <size>0x46</size>
         <input_file_ref idref="fl-7"/>
      </object_component>
      <object_component id="oc-118">
         <name>.text</name>
         <load_address>0xe084</load_address>
         <run_address>0xe084</run_address>
         <size>0x46</size>
         <input_file_ref idref="fl-57"/>
      </object_component>
      <object_component id="oc-1ab">
         <name>.text:IICStart</name>
         <load_address>0xe0ca</load_address>
         <run_address>0xe0ca</run_address>
         <size>0x42</size>
         <input_file_ref idref="fl-7"/>
      </object_component>
      <object_component id="oc-1a1">
         <name>.text:TI_CC_SPISetup</name>
         <load_address>0xe10c</load_address>
         <run_address>0xe10c</run_address>
         <size>0x42</size>
         <input_file_ref idref="fl-f"/>
      </object_component>
      <object_component id="oc-1a4">
         <name>.text:TI_CC_SPIWriteBurstReg</name>
         <load_address>0xe14e</load_address>
         <run_address>0xe14e</run_address>
         <size>0x40</size>
         <input_file_ref idref="fl-f"/>
      </object_component>
      <object_component id="oc-db">
         <name>.text</name>
         <load_address>0xe18e</load_address>
         <run_address>0xe18e</run_address>
         <size>0x40</size>
         <input_file_ref idref="fl-4a"/>
      </object_component>
      <object_component id="oc-18b">
         <name>.text:sleep10ms</name>
         <load_address>0xe1ce</load_address>
         <run_address>0xe1ce</run_address>
         <size>0x40</size>
         <input_file_ref idref="fl-4"/>
      </object_component>
      <object_component id="oc-1ad">
         <name>.text:IICStop</name>
         <load_address>0xe20e</load_address>
         <run_address>0xe20e</run_address>
         <size>0x3e</size>
         <input_file_ref idref="fl-7"/>
      </object_component>
      <object_component id="oc-181">
         <name>.text:l_asr_const</name>
         <load_address>0xe24c</load_address>
         <run_address>0xe24c</run_address>
         <size>0x3e</size>
         <input_file_ref idref="fl-42"/>
      </object_component>
      <object_component id="oc-180">
         <name>.text:l_lsl_const</name>
         <load_address>0xe28a</load_address>
         <run_address>0xe28a</run_address>
         <size>0x3e</size>
         <input_file_ref idref="fl-63"/>
      </object_component>
      <object_component id="oc-1af">
         <name>.text:round</name>
         <load_address>0xe2c8</load_address>
         <run_address>0xe2c8</run_address>
         <size>0x3e</size>
         <input_file_ref idref="fl-a"/>
      </object_component>
      <object_component id="oc-1b2">
         <name>.text:senseBinary</name>
         <load_address>0xe306</load_address>
         <run_address>0xe306</run_address>
         <size>0x3e</size>
         <input_file_ref idref="fl-a"/>
      </object_component>
      <object_component id="oc-188">
         <name>.text:initHistory</name>
         <load_address>0xe344</load_address>
         <run_address>0xe344</run_address>
         <size>0x3c</size>
         <input_file_ref idref="fl-c"/>
      </object_component>
      <object_component id="oc-196">
         <name>.text:Wake_up_CC1101</name>
         <load_address>0xe380</load_address>
         <run_address>0xe380</run_address>
         <size>0x36</size>
         <input_file_ref idref="fl-11"/>
      </object_component>
      <object_component id="oc-ff">
         <name>.text</name>
         <load_address>0xe3b6</load_address>
         <run_address>0xe3b6</run_address>
         <size>0x36</size>
         <input_file_ref idref="fl-52"/>
      </object_component>
      <object_component id="oc-18d">
         <name>.text:doSenseTemp16F</name>
         <load_address>0xe3ec</load_address>
         <run_address>0xe3ec</run_address>
         <size>0x32</size>
         <input_file_ref idref="fl-b"/>
      </object_component>
      <object_component id="oc-122">
         <name>.text</name>
         <load_address>0xe41e</load_address>
         <run_address>0xe41e</run_address>
         <size>0x32</size>
         <input_file_ref idref="fl-59"/>
      </object_component>
      <object_component id="oc-1a7">
         <name>.text:TI_CC_SPIReadReg</name>
         <load_address>0xe450</load_address>
         <run_address>0xe450</run_address>
         <size>0x30</size>
         <input_file_ref idref="fl-f"/>
      </object_component>
      <object_component id="oc-ad">
         <name>.text</name>
         <load_address>0xe480</load_address>
         <run_address>0xe480</run_address>
         <size>0x2c</size>
         <input_file_ref idref="fl-41"/>
      </object_component>
      <object_component id="oc-d1">
         <name>.text</name>
         <load_address>0xe4ac</load_address>
         <run_address>0xe4ac</run_address>
         <size>0x2c</size>
         <input_file_ref idref="fl-48"/>
      </object_component>
      <object_component id="oc-131">
         <name>.text</name>
         <load_address>0xe4d8</load_address>
         <run_address>0xe4d8</run_address>
         <size>0x2c</size>
         <input_file_ref idref="fl-62"/>
      </object_component>
      <object_component id="oc-1bb">
         <name>.text:TI_CC_SPIWriteReg</name>
         <load_address>0xe504</load_address>
         <run_address>0xe504</run_address>
         <size>0x28</size>
         <input_file_ref idref="fl-f"/>
      </object_component>
      <object_component id="oc-189">
         <name>.text:updateTemp7</name>
         <load_address>0xe52c</load_address>
         <run_address>0xe52c</run_address>
         <size>0x28</size>
         <input_file_ref idref="fl-b"/>
      </object_component>
      <object_component id="oc-18e">
         <name>.text:doSenseAmbientLight</name>
         <load_address>0xe554</load_address>
         <run_address>0xe554</run_address>
         <size>0x26</size>
         <input_file_ref idref="fl-8"/>
      </object_component>
      <object_component id="oc-19f">
         <name>.text:freeAll</name>
         <load_address>0xe57a</load_address>
         <run_address>0xe57a</run_address>
         <size>0x26</size>
         <input_file_ref idref="fl-d"/>
      </object_component>
      <object_component id="oc-1c3">
         <name>.text</name>
         <load_address>0xe5a0</load_address>
         <run_address>0xe5a0</run_address>
         <size>0x26</size>
         <input_file_ref idref="fl-69"/>
      </object_component>
      <object_component id="oc-127">
         <name>.text</name>
         <load_address>0xe5c6</load_address>
         <run_address>0xe5c6</run_address>
         <size>0x24</size>
         <input_file_ref idref="fl-5a"/>
      </object_component>
      <object_component id="oc-1a6">
         <name>.text:TI_CC_Wait</name>
         <load_address>0xe5ea</load_address>
         <run_address>0xe5ea</run_address>
         <size>0x20</size>
         <input_file_ref idref="fl-f"/>
      </object_component>
      <object_component id="oc-1b1">
         <name>.text:malloc</name>
         <load_address>0xe60a</load_address>
         <run_address>0xe60a</run_address>
         <size>0x20</size>
         <input_file_ref idref="fl-d"/>
      </object_component>
      <object_component id="oc-19a">
         <name>.text:recalibrateCC11xx</name>
         <load_address>0xe62a</load_address>
         <run_address>0xe62a</run_address>
         <size>0x20</size>
         <input_file_ref idref="fl-11"/>
      </object_component>
      <object_component id="oc-18a">
         <name>.text:updateTemp16F</name>
         <load_address>0xe64a</load_address>
         <run_address>0xe64a</run_address>
         <size>0x20</size>
         <input_file_ref idref="fl-b"/>
      </object_component>
      <object_component id="oc-1a9">
         <name>.text:TI_CC_SPIStrobe</name>
         <load_address>0xe66a</load_address>
         <run_address>0xe66a</run_address>
         <size>0x1e</size>
         <input_file_ref idref="fl-f"/>
      </object_component>
      <object_component id="oc-185">
         <name>.text:set_UCS</name>
         <load_address>0xe688</load_address>
         <run_address>0xe688</run_address>
         <size>0x1e</size>
         <input_file_ref idref="fl-4"/>
      </object_component>
      <object_component id="oc-1c2">
         <name>.text:crystalOff</name>
         <load_address>0xe6a6</load_address>
         <run_address>0xe6a6</run_address>
         <size>0x1c</size>
         <input_file_ref idref="fl-9"/>
      </object_component>
      <object_component id="oc-36">
         <name>.text:_c_int00_noargs_noexit</name>
         <load_address>0xe6c2</load_address>
         <run_address>0xe6c2</run_address>
         <size>0x1a</size>
         <input_file_ref idref="fl-44"/>
      </object_component>
      <object_component id="oc-182">
         <name>.text:initTemperature</name>
         <load_address>0xe6dc</load_address>
         <run_address>0xe6dc</run_address>
         <size>0x1a</size>
         <input_file_ref idref="fl-b"/>
      </object_component>
      <object_component id="oc-d6">
         <name>.text</name>
         <load_address>0xe6f6</load_address>
         <run_address>0xe6f6</run_address>
         <size>0x16</size>
         <input_file_ref idref="fl-49"/>
      </object_component>
      <object_component id="oc-16b">
         <name>.text:p1interrupt</name>
         <load_address>0xe70c</load_address>
         <run_address>0xe70c</run_address>
         <size>0x14</size>
         <input_file_ref idref="fl-7"/>
      </object_component>
      <object_component id="oc-192">
         <name>.text</name>
         <load_address>0xe720</load_address>
         <run_address>0xe720</run_address>
         <size>0x14</size>
         <input_file_ref idref="fl-68"/>
      </object_component>
      <object_component id="oc-16e">
         <name>.text:TIMER1_A0_ISR</name>
         <load_address>0xe734</load_address>
         <run_address>0xe734</run_address>
         <size>0x12</size>
         <input_file_ref idref="fl-3"/>
      </object_component>
      <object_component id="oc-169">
         <name>.text:memcpy</name>
         <load_address>0xe746</load_address>
         <run_address>0xe746</run_address>
         <size>0x12</size>
         <input_file_ref idref="fl-66"/>
      </object_component>
      <object_component id="oc-176">
         <name>.text</name>
         <load_address>0xe758</load_address>
         <run_address>0xe758</run_address>
         <size>0x10</size>
         <input_file_ref idref="fl-4c"/>
      </object_component>
      <object_component id="oc-19d">
         <name>.text:setPowerSettings</name>
         <load_address>0xe768</load_address>
         <run_address>0xe768</run_address>
         <size>0x10</size>
         <input_file_ref idref="fl-11"/>
      </object_component>
      <object_component id="oc-1b0">
         <name>.text:to16Fixed</name>
         <load_address>0xe778</load_address>
         <run_address>0xe778</run_address>
         <size>0x10</size>
         <input_file_ref idref="fl-a"/>
      </object_component>
      <object_component id="oc-16c">
         <name>.text:ADC10_ISR</name>
         <load_address>0xe788</load_address>
         <run_address>0xe788</run_address>
         <size>0xe</size>
         <input_file_ref idref="fl-b"/>
      </object_component>
      <object_component id="oc-1ba">
         <name>.text:configADC</name>
         <load_address>0xe796</load_address>
         <run_address>0xe796</run_address>
         <size>0xe</size>
         <input_file_ref idref="fl-b"/>
      </object_component>
      <object_component id="oc-1bc">
         <name>.text:abs</name>
         <load_address>0xe7a4</load_address>
         <run_address>0xe7a4</run_address>
         <size>0xa</size>
         <input_file_ref idref="fl-40"/>
      </object_component>
      <object_component id="oc-19c">
         <name>.text:getAllSize</name>
         <load_address>0xe7ae</load_address>
         <run_address>0xe7ae</run_address>
         <size>0xa</size>
         <input_file_ref idref="fl-d"/>
      </object_component>
      <object_component id="oc-1c0">
         <name>.text:setLastTemp</name>
         <load_address>0xe7b8</load_address>
         <run_address>0xe7b8</run_address>
         <size>0xa</size>
         <input_file_ref idref="fl-b"/>
      </object_component>
      <object_component id="oc-12c">
         <name>.text:_isr:__TI_ISR_TRAP</name>
         <load_address>0xe7c2</load_address>
         <run_address>0xe7c2</run_address>
         <size>0x6</size>
         <input_file_ref idref="fl-61"/>
      </object_component>
      <object_component id="oc-1bd">
         <name>.text:getBase</name>
         <load_address>0xe7c8</load_address>
         <run_address>0xe7c8</run_address>
         <size>0x6</size>
         <input_file_ref idref="fl-d"/>
      </object_component>
      <object_component id="oc-16f">
         <name>.text:_system_pre_init</name>
         <load_address>0xe7ce</load_address>
         <run_address>0xe7ce</run_address>
         <size>0x4</size>
         <input_file_ref idref="fl-6a"/>
      </object_component>
      <object_component id="oc-175">
         <name>.text:abort</name>
         <load_address>0xe7d2</load_address>
         <run_address>0xe7d2</run_address>
         <size>0x4</size>
         <input_file_ref idref="fl-4d"/>
      </object_component>
      <object_component id="oc-4b">
         <name>.cinit</name>
         <load_address>0xe7d6</load_address>
         <run_address>0xe7d6</run_address>
         <size>0x5d</size>
         <input_file_ref idref="fl-4"/>
      </object_component>
      <object_component id="oc-7d">
         <name>.cinit</name>
         <load_address>0xe834</load_address>
         <run_address>0xe834</run_address>
         <size>0x41</size>
         <input_file_ref idref="fl-b"/>
      </object_component>
      <object_component id="oc-a3">
         <name>.cinit</name>
         <load_address>0xe876</load_address>
         <run_address>0xe876</run_address>
         <size>0x31</size>
         <input_file_ref idref="fl-11"/>
      </object_component>
      <object_component id="oc-60">
         <name>.cinit</name>
         <load_address>0xe8a8</load_address>
         <run_address>0xe8a8</run_address>
         <size>0x1d</size>
         <input_file_ref idref="fl-7"/>
      </object_component>
      <object_component id="oc-84">
         <name>.cinit</name>
         <load_address>0xe8c6</load_address>
         <run_address>0xe8c6</run_address>
         <size>0x19</size>
         <input_file_ref idref="fl-c"/>
      </object_component>
      <object_component id="oc-44">
         <name>.cinit</name>
         <load_address>0xe8e0</load_address>
         <run_address>0xe8e0</run_address>
         <size>0x11</size>
         <input_file_ref idref="fl-3"/>
      </object_component>
      <object_component id="oc-68">
         <name>.cinit</name>
         <load_address>0xe8f2</load_address>
         <run_address>0xe8f2</run_address>
         <size>0x11</size>
         <input_file_ref idref="fl-8"/>
      </object_component>
      <object_component id="oc-8b">
         <name>.cinit</name>
         <load_address>0xe904</load_address>
         <run_address>0xe904</run_address>
         <size>0x11</size>
         <input_file_ref idref="fl-d"/>
      </object_component>
      <object_component id="oc-76">
         <name>.cinit</name>
         <load_address>0xe916</load_address>
         <run_address>0xe916</run_address>
         <size>0xb</size>
         <input_file_ref idref="fl-a"/>
      </object_component>
      <object_component id="oc-97">
         <name>.cinit</name>
         <load_address>0xe922</load_address>
         <run_address>0xe922</run_address>
         <size>0x6</size>
         <input_file_ref idref="fl-f"/>
      </object_component>
      <object_component id="oc-59">
         <name>.cinit</name>
         <load_address>0xe928</load_address>
         <run_address>0xe928</run_address>
         <size>0x6</size>
         <input_file_ref idref="fl-6"/>
      </object_component>
      <object_component id="oc-6f">
         <name>.cinit</name>
         <load_address>0xe92e</load_address>
         <run_address>0xe92e</run_address>
         <size>0x6</size>
         <input_file_ref idref="fl-9"/>
      </object_component>
      <object_component id="oc-61">
         <name>.const</name>
         <load_address>0xe936</load_address>
         <run_address>0xe936</run_address>
         <size>0x1e</size>
         <input_file_ref idref="fl-7"/>
      </object_component>
      <object_component id="oc-4c">
         <name>.bslcfg</name>
         <load_address>0xffde</load_address>
         <run_address>0xffde</run_address>
         <size>0x2</size>
         <input_file_ref idref="fl-4"/>
      </object_component>
      <object_component id="oc-22">
         <name>.int00</name>
         <load_address>0xffe0</load_address>
         <run_address>0xffe0</run_address>
         <size>0x2</size>
         <input_file_ref idref="fl-4"/>
      </object_component>
      <object_component id="oc-23">
         <name>.int01</name>
         <load_address>0xffe2</load_address>
         <run_address>0xffe2</run_address>
         <size>0x2</size>
         <input_file_ref idref="fl-4"/>
      </object_component>
      <object_component id="oc-24">
         <name>.int02</name>
         <load_address>0xffe4</load_address>
         <run_address>0xffe4</run_address>
         <size>0x2</size>
         <input_file_ref idref="fl-7"/>
      </object_component>
      <object_component id="oc-25">
         <name>.int03</name>
         <load_address>0xffe6</load_address>
         <run_address>0xffe6</run_address>
         <size>0x2</size>
         <input_file_ref idref="fl-5b"/>
      </object_component>
      <object_component id="oc-26">
         <name>.int04</name>
         <load_address>0xffe8</load_address>
         <run_address>0xffe8</run_address>
         <size>0x2</size>
         <input_file_ref idref="fl-4"/>
      </object_component>
      <object_component id="oc-27">
         <name>.int05</name>
         <load_address>0xffea</load_address>
         <run_address>0xffea</run_address>
         <size>0x2</size>
         <input_file_ref idref="fl-b"/>
      </object_component>
      <object_component id="oc-28">
         <name>.int06</name>
         <load_address>0xffec</load_address>
         <run_address>0xffec</run_address>
         <size>0x2</size>
         <input_file_ref idref="fl-5c"/>
      </object_component>
      <object_component id="oc-29">
         <name>.int07</name>
         <load_address>0xffee</load_address>
         <run_address>0xffee</run_address>
         <size>0x2</size>
         <input_file_ref idref="fl-5d"/>
      </object_component>
      <object_component id="oc-2a">
         <name>.int08</name>
         <load_address>0xfff0</load_address>
         <run_address>0xfff0</run_address>
         <size>0x2</size>
         <input_file_ref idref="fl-3"/>
      </object_component>
      <object_component id="oc-2b">
         <name>.int09</name>
         <load_address>0xfff2</load_address>
         <run_address>0xfff2</run_address>
         <size>0x2</size>
         <input_file_ref idref="fl-2"/>
      </object_component>
      <object_component id="oc-2c">
         <name>.int10</name>
         <load_address>0xfff4</load_address>
         <run_address>0xfff4</run_address>
         <size>0x2</size>
         <input_file_ref idref="fl-2"/>
      </object_component>
      <object_component id="oc-2d">
         <name>.int11</name>
         <load_address>0xfff6</load_address>
         <run_address>0xfff6</run_address>
         <size>0x2</size>
         <input_file_ref idref="fl-5e"/>
      </object_component>
      <object_component id="oc-2e">
         <name>.int12</name>
         <load_address>0xfff8</load_address>
         <run_address>0xfff8</run_address>
         <size>0x2</size>
         <input_file_ref idref="fl-5f"/>
      </object_component>
      <object_component id="oc-2f">
         <name>.int13</name>
         <load_address>0xfffa</load_address>
         <run_address>0xfffa</run_address>
         <size>0x2</size>
         <input_file_ref idref="fl-3"/>
      </object_component>
      <object_component id="oc-30">
         <name>.int14</name>
         <load_address>0xfffc</load_address>
         <run_address>0xfffc</run_address>
         <size>0x2</size>
         <input_file_ref idref="fl-60"/>
      </object_component>
      <object_component id="oc-b8">
         <name>.reset</name>
         <load_address>0xfffe</load_address>
         <run_address>0xfffe</run_address>
         <size>0x2</size>
         <input_file_ref idref="fl-43"/>
      </object_component>
      <object_component id="oc-3e">
         <name>.debug_info</name>
         <load_address>0x0</load_address>
         <run_address>0x0</run_address>
         <size>0x103</size>
         <input_file_ref idref="fl-2"/>
      </object_component>
      <object_component id="oc-43">
         <name>.debug_info</name>
         <load_address>0x103</load_address>
         <run_address>0x103</run_address>
         <size>0x46d</size>
         <input_file_ref idref="fl-3"/>
      </object_component>
      <object_component id="oc-4a">
         <name>.debug_info</name>
         <load_address>0x570</load_address>
         <run_address>0x570</run_address>
         <size>0x1a37</size>
         <input_file_ref idref="fl-4"/>
      </object_component>
      <object_component id="oc-52">
         <name>.debug_info</name>
         <load_address>0x1fa7</load_address>
         <run_address>0x1fa7</run_address>
         <size>0x615</size>
         <input_file_ref idref="fl-5"/>
      </object_component>
      <object_component id="oc-58">
         <name>.debug_info</name>
         <load_address>0x25bc</load_address>
         <run_address>0x25bc</run_address>
         <size>0x6c3</size>
         <input_file_ref idref="fl-6"/>
      </object_component>
      <object_component id="oc-5f">
         <name>.debug_info</name>
         <load_address>0x2c7f</load_address>
         <run_address>0x2c7f</run_address>
         <size>0x14a4</size>
         <input_file_ref idref="fl-7"/>
      </object_component>
      <object_component id="oc-67">
         <name>.debug_info</name>
         <load_address>0x4123</load_address>
         <run_address>0x4123</run_address>
         <size>0x576</size>
         <input_file_ref idref="fl-8"/>
      </object_component>
      <object_component id="oc-6e">
         <name>.debug_info</name>
         <load_address>0x4699</load_address>
         <run_address>0x4699</run_address>
         <size>0xc7c</size>
         <input_file_ref idref="fl-9"/>
      </object_component>
      <object_component id="oc-75">
         <name>.debug_info</name>
         <load_address>0x5315</load_address>
         <run_address>0x5315</run_address>
         <size>0x64e</size>
         <input_file_ref idref="fl-a"/>
      </object_component>
      <object_component id="oc-7c">
         <name>.debug_info</name>
         <load_address>0x5963</load_address>
         <run_address>0x5963</run_address>
         <size>0xace</size>
         <input_file_ref idref="fl-b"/>
      </object_component>
      <object_component id="oc-83">
         <name>.debug_info</name>
         <load_address>0x6431</load_address>
         <run_address>0x6431</run_address>
         <size>0x543</size>
         <input_file_ref idref="fl-c"/>
      </object_component>
      <object_component id="oc-8a">
         <name>.debug_info</name>
         <load_address>0x6974</load_address>
         <run_address>0x6974</run_address>
         <size>0x451</size>
         <input_file_ref idref="fl-d"/>
      </object_component>
      <object_component id="oc-90">
         <name>.debug_info</name>
         <load_address>0x6dc5</load_address>
         <run_address>0x6dc5</run_address>
         <size>0x713</size>
         <input_file_ref idref="fl-e"/>
      </object_component>
      <object_component id="oc-96">
         <name>.debug_info</name>
         <load_address>0x74d8</load_address>
         <run_address>0x74d8</run_address>
         <size>0x7c1</size>
         <input_file_ref idref="fl-f"/>
      </object_component>
      <object_component id="oc-9c">
         <name>.debug_info</name>
         <load_address>0x7c99</load_address>
         <run_address>0x7c99</run_address>
         <size>0x333</size>
         <input_file_ref idref="fl-10"/>
      </object_component>
      <object_component id="oc-a2">
         <name>.debug_info</name>
         <load_address>0x7fcc</load_address>
         <run_address>0x7fcc</run_address>
         <size>0xf75</size>
         <input_file_ref idref="fl-11"/>
      </object_component>
      <object_component id="oc-a8">
         <name>.debug_info</name>
         <load_address>0x8f41</load_address>
         <run_address>0x8f41</run_address>
         <size>0x23b</size>
         <input_file_ref idref="fl-40"/>
      </object_component>
      <object_component id="oc-ae">
         <name>.debug_info</name>
         <load_address>0x917c</load_address>
         <run_address>0x917c</run_address>
         <size>0xe5</size>
         <input_file_ref idref="fl-41"/>
      </object_component>
      <object_component id="oc-b2">
         <name>.debug_info</name>
         <load_address>0x9261</load_address>
         <run_address>0x9261</run_address>
         <size>0xeb</size>
         <input_file_ref idref="fl-42"/>
      </object_component>
      <object_component id="oc-b6">
         <name>.debug_info</name>
         <load_address>0x934c</load_address>
         <run_address>0x934c</run_address>
         <size>0x284</size>
         <input_file_ref idref="fl-43"/>
      </object_component>
      <object_component id="oc-bd">
         <name>.debug_info</name>
         <load_address>0x95d0</load_address>
         <run_address>0x95d0</run_address>
         <size>0x360</size>
         <input_file_ref idref="fl-44"/>
      </object_component>
      <object_component id="oc-c2">
         <name>.debug_info</name>
         <load_address>0x9930</load_address>
         <run_address>0x9930</run_address>
         <size>0x2a2</size>
         <input_file_ref idref="fl-45"/>
      </object_component>
      <object_component id="oc-c7">
         <name>.debug_info</name>
         <load_address>0x9bd2</load_address>
         <run_address>0x9bd2</run_address>
         <size>0x247</size>
         <input_file_ref idref="fl-46"/>
      </object_component>
      <object_component id="oc-cc">
         <name>.debug_info</name>
         <load_address>0x9e19</load_address>
         <run_address>0x9e19</run_address>
         <size>0x25d</size>
         <input_file_ref idref="fl-47"/>
      </object_component>
      <object_component id="oc-d2">
         <name>.debug_info</name>
         <load_address>0xa076</load_address>
         <run_address>0xa076</run_address>
         <size>0xf5</size>
         <input_file_ref idref="fl-48"/>
      </object_component>
      <object_component id="oc-d7">
         <name>.debug_info</name>
         <load_address>0xa16b</load_address>
         <run_address>0xa16b</run_address>
         <size>0xe8</size>
         <input_file_ref idref="fl-49"/>
      </object_component>
      <object_component id="oc-dc">
         <name>.debug_info</name>
         <load_address>0xa253</load_address>
         <run_address>0xa253</run_address>
         <size>0xf8</size>
         <input_file_ref idref="fl-4a"/>
      </object_component>
      <object_component id="oc-e1">
         <name>.debug_info</name>
         <load_address>0xa34b</load_address>
         <run_address>0xa34b</run_address>
         <size>0xea</size>
         <input_file_ref idref="fl-4b"/>
      </object_component>
      <object_component id="oc-e5">
         <name>.debug_info</name>
         <load_address>0xa435</load_address>
         <run_address>0xa435</run_address>
         <size>0xf1</size>
         <input_file_ref idref="fl-4c"/>
      </object_component>
      <object_component id="oc-e9">
         <name>.debug_info</name>
         <load_address>0xa526</load_address>
         <run_address>0xa526</run_address>
         <size>0x2c7</size>
         <input_file_ref idref="fl-4d"/>
      </object_component>
      <object_component id="oc-ee">
         <name>.debug_info</name>
         <load_address>0xa7ed</load_address>
         <run_address>0xa7ed</run_address>
         <size>0x19e</size>
         <input_file_ref idref="fl-4e"/>
      </object_component>
      <object_component id="oc-f1">
         <name>.debug_info</name>
         <load_address>0xa98b</load_address>
         <run_address>0xa98b</run_address>
         <size>0xec</size>
         <input_file_ref idref="fl-4f"/>
      </object_component>
      <object_component id="oc-f6">
         <name>.debug_info</name>
         <load_address>0xaa77</load_address>
         <run_address>0xaa77</run_address>
         <size>0xf8</size>
         <input_file_ref idref="fl-50"/>
      </object_component>
      <object_component id="oc-fb">
         <name>.debug_info</name>
         <load_address>0xab6f</load_address>
         <run_address>0xab6f</run_address>
         <size>0xec</size>
         <input_file_ref idref="fl-51"/>
      </object_component>
      <object_component id="oc-100">
         <name>.debug_info</name>
         <load_address>0xac5b</load_address>
         <run_address>0xac5b</run_address>
         <size>0xf5</size>
         <input_file_ref idref="fl-52"/>
      </object_component>
      <object_component id="oc-105">
         <name>.debug_info</name>
         <load_address>0xad50</load_address>
         <run_address>0xad50</run_address>
         <size>0xf5</size>
         <input_file_ref idref="fl-53"/>
      </object_component>
      <object_component id="oc-10a">
         <name>.debug_info</name>
         <load_address>0xae45</load_address>
         <run_address>0xae45</run_address>
         <size>0xec</size>
         <input_file_ref idref="fl-54"/>
      </object_component>
      <object_component id="oc-10f">
         <name>.debug_info</name>
         <load_address>0xaf31</load_address>
         <run_address>0xaf31</run_address>
         <size>0xfe</size>
         <input_file_ref idref="fl-55"/>
      </object_component>
      <object_component id="oc-114">
         <name>.debug_info</name>
         <load_address>0xb02f</load_address>
         <run_address>0xb02f</run_address>
         <size>0xfe</size>
         <input_file_ref idref="fl-56"/>
      </object_component>
      <object_component id="oc-119">
         <name>.debug_info</name>
         <load_address>0xb12d</load_address>
         <run_address>0xb12d</run_address>
         <size>0xf8</size>
         <input_file_ref idref="fl-57"/>
      </object_component>
      <object_component id="oc-11e">
         <name>.debug_info</name>
         <load_address>0xb225</load_address>
         <run_address>0xb225</run_address>
         <size>0xfb</size>
         <input_file_ref idref="fl-58"/>
      </object_component>
      <object_component id="oc-123">
         <name>.debug_info</name>
         <load_address>0xb320</load_address>
         <run_address>0xb320</run_address>
         <size>0xf2</size>
         <input_file_ref idref="fl-59"/>
      </object_component>
      <object_component id="oc-128">
         <name>.debug_info</name>
         <load_address>0xb412</load_address>
         <run_address>0xb412</run_address>
         <size>0xef</size>
         <input_file_ref idref="fl-5a"/>
      </object_component>
      <object_component id="oc-12d">
         <name>.debug_info</name>
         <load_address>0xb501</load_address>
         <run_address>0xb501</run_address>
         <size>0xe4</size>
         <input_file_ref idref="fl-61"/>
      </object_component>
      <object_component id="oc-132">
         <name>.debug_info</name>
         <load_address>0xb5e5</load_address>
         <run_address>0xb5e5</run_address>
         <size>0xe5</size>
         <input_file_ref idref="fl-62"/>
      </object_component>
      <object_component id="oc-136">
         <name>.debug_info</name>
         <load_address>0xb6ca</load_address>
         <run_address>0xb6ca</run_address>
         <size>0xeb</size>
         <input_file_ref idref="fl-63"/>
      </object_component>
      <object_component id="oc-13b">
         <name>.debug_info</name>
         <load_address>0xb7b5</load_address>
         <run_address>0xb7b5</run_address>
         <size>0xe5</size>
         <input_file_ref idref="fl-64"/>
      </object_component>
      <object_component id="oc-13f">
         <name>.debug_info</name>
         <load_address>0xb89a</load_address>
         <run_address>0xb89a</run_address>
         <size>0xeb</size>
         <input_file_ref idref="fl-65"/>
      </object_component>
      <object_component id="oc-143">
         <name>.debug_info</name>
         <load_address>0xb985</load_address>
         <run_address>0xb985</run_address>
         <size>0x2d0</size>
         <input_file_ref idref="fl-66"/>
      </object_component>
      <object_component id="oc-148">
         <name>.debug_info</name>
         <load_address>0xbc55</load_address>
         <run_address>0xbc55</run_address>
         <size>0x29c</size>
         <input_file_ref idref="fl-67"/>
      </object_component>
      <object_component id="oc-14d">
         <name>.debug_info</name>
         <load_address>0xbef1</load_address>
         <run_address>0xbef1</run_address>
         <size>0xe8</size>
         <input_file_ref idref="fl-68"/>
      </object_component>
      <object_component id="oc-151">
         <name>.debug_info</name>
         <load_address>0xbfd9</load_address>
         <run_address>0xbfd9</run_address>
         <size>0xe8</size>
         <input_file_ref idref="fl-69"/>
      </object_component>
      <object_component id="oc-155">
         <name>.debug_info</name>
         <load_address>0xc0c1</load_address>
         <run_address>0xc0c1</run_address>
         <size>0x259</size>
         <input_file_ref idref="fl-6a"/>
      </object_component>
      <object_component id="oc-15a">
         <name>.debug_info</name>
         <load_address>0xc31a</load_address>
         <run_address>0xc31a</run_address>
         <size>0x202</size>
         <input_file_ref idref="fl-6b"/>
      </object_component>
      <object_component id="oc-15f">
         <name>.debug_info</name>
         <load_address>0xc51c</load_address>
         <run_address>0xc51c</run_address>
         <size>0x2b4</size>
         <input_file_ref idref="fl-6c"/>
      </object_component>
      <object_component id="oc-164">
         <name>.debug_info</name>
         <load_address>0xc7d0</load_address>
         <run_address>0xc7d0</run_address>
         <size>0x36e</size>
         <input_file_ref idref="fl-6d"/>
      </object_component>
      <object_component id="oc-1ee">
         <name>.debug_info</name>
         <load_address>0xcb3e</load_address>
         <run_address>0xcb3e</run_address>
         <size>0xb6</size>
      </object_component>
      <object_component id="oc-3f">
         <name>.debug_line</name>
         <load_address>0x0</load_address>
         <run_address>0x0</run_address>
         <size>0x8d</size>
         <input_file_ref idref="fl-2"/>
      </object_component>
      <object_component id="oc-46">
         <name>.debug_line</name>
         <load_address>0x8d</load_address>
         <run_address>0x8d</run_address>
         <size>0x8e</size>
         <input_file_ref idref="fl-3"/>
      </object_component>
      <object_component id="oc-4e">
         <name>.debug_line</name>
         <load_address>0x11b</load_address>
         <run_address>0x11b</run_address>
         <size>0x23e</size>
         <input_file_ref idref="fl-4"/>
      </object_component>
      <object_component id="oc-54">
         <name>.debug_line</name>
         <load_address>0x359</load_address>
         <run_address>0x359</run_address>
         <size>0x65</size>
         <input_file_ref idref="fl-5"/>
      </object_component>
      <object_component id="oc-5b">
         <name>.debug_line</name>
         <load_address>0x3be</load_address>
         <run_address>0x3be</run_address>
         <size>0xa4</size>
         <input_file_ref idref="fl-6"/>
      </object_component>
      <object_component id="oc-63">
         <name>.debug_line</name>
         <load_address>0x462</load_address>
         <run_address>0x462</run_address>
         <size>0x328</size>
         <input_file_ref idref="fl-7"/>
      </object_component>
      <object_component id="oc-6a">
         <name>.debug_line</name>
         <load_address>0x78a</load_address>
         <run_address>0x78a</run_address>
         <size>0x9b</size>
         <input_file_ref idref="fl-8"/>
      </object_component>
      <object_component id="oc-71">
         <name>.debug_line</name>
         <load_address>0x825</load_address>
         <run_address>0x825</run_address>
         <size>0x161</size>
         <input_file_ref idref="fl-9"/>
      </object_component>
      <object_component id="oc-78">
         <name>.debug_line</name>
         <load_address>0x986</load_address>
         <run_address>0x986</run_address>
         <size>0xb7</size>
         <input_file_ref idref="fl-a"/>
      </object_component>
      <object_component id="oc-7f">
         <name>.debug_line</name>
         <load_address>0xa3d</load_address>
         <run_address>0xa3d</run_address>
         <size>0x13b</size>
         <input_file_ref idref="fl-b"/>
      </object_component>
      <object_component id="oc-86">
         <name>.debug_line</name>
         <load_address>0xb78</load_address>
         <run_address>0xb78</run_address>
         <size>0xcf</size>
         <input_file_ref idref="fl-c"/>
      </object_component>
      <object_component id="oc-8d">
         <name>.debug_line</name>
         <load_address>0xc47</load_address>
         <run_address>0xc47</run_address>
         <size>0xa5</size>
         <input_file_ref idref="fl-d"/>
      </object_component>
      <object_component id="oc-92">
         <name>.debug_line</name>
         <load_address>0xcec</load_address>
         <run_address>0xcec</run_address>
         <size>0x73</size>
         <input_file_ref idref="fl-e"/>
      </object_component>
      <object_component id="oc-99">
         <name>.debug_line</name>
         <load_address>0xd5f</load_address>
         <run_address>0xd5f</run_address>
         <size>0x14b</size>
         <input_file_ref idref="fl-f"/>
      </object_component>
      <object_component id="oc-9e">
         <name>.debug_line</name>
         <load_address>0xeaa</load_address>
         <run_address>0xeaa</run_address>
         <size>0x34</size>
         <input_file_ref idref="fl-10"/>
      </object_component>
      <object_component id="oc-a5">
         <name>.debug_line</name>
         <load_address>0xede</load_address>
         <run_address>0xede</run_address>
         <size>0x16b</size>
         <input_file_ref idref="fl-11"/>
      </object_component>
      <object_component id="oc-aa">
         <name>.debug_line</name>
         <load_address>0x1049</load_address>
         <run_address>0x1049</run_address>
         <size>0x37</size>
         <input_file_ref idref="fl-40"/>
      </object_component>
      <object_component id="oc-af">
         <name>.debug_line</name>
         <load_address>0x1080</load_address>
         <run_address>0x1080</run_address>
         <size>0x4e</size>
         <input_file_ref idref="fl-41"/>
      </object_component>
      <object_component id="oc-b3">
         <name>.debug_line</name>
         <load_address>0x10ce</load_address>
         <run_address>0x10ce</run_address>
         <size>0x59</size>
         <input_file_ref idref="fl-42"/>
      </object_component>
      <object_component id="oc-ba">
         <name>.debug_line</name>
         <load_address>0x1127</load_address>
         <run_address>0x1127</run_address>
         <size>0x27</size>
         <input_file_ref idref="fl-43"/>
      </object_component>
      <object_component id="oc-bf">
         <name>.debug_line</name>
         <load_address>0x114e</load_address>
         <run_address>0x114e</run_address>
         <size>0x4c</size>
         <input_file_ref idref="fl-44"/>
      </object_component>
      <object_component id="oc-c4">
         <name>.debug_line</name>
         <load_address>0x119a</load_address>
         <run_address>0x119a</run_address>
         <size>0x37</size>
         <input_file_ref idref="fl-45"/>
      </object_component>
      <object_component id="oc-c9">
         <name>.debug_line</name>
         <load_address>0x11d1</load_address>
         <run_address>0x11d1</run_address>
         <size>0x36</size>
         <input_file_ref idref="fl-46"/>
      </object_component>
      <object_component id="oc-ce">
         <name>.debug_line</name>
         <load_address>0x1207</load_address>
         <run_address>0x1207</run_address>
         <size>0x31</size>
         <input_file_ref idref="fl-47"/>
      </object_component>
      <object_component id="oc-d3">
         <name>.debug_line</name>
         <load_address>0x1238</load_address>
         <run_address>0x1238</run_address>
         <size>0x4d</size>
         <input_file_ref idref="fl-48"/>
      </object_component>
      <object_component id="oc-d8">
         <name>.debug_line</name>
         <load_address>0x1285</load_address>
         <run_address>0x1285</run_address>
         <size>0x43</size>
         <input_file_ref idref="fl-49"/>
      </object_component>
      <object_component id="oc-dd">
         <name>.debug_line</name>
         <load_address>0x12c8</load_address>
         <run_address>0x12c8</run_address>
         <size>0x5a</size>
         <input_file_ref idref="fl-4a"/>
      </object_component>
      <object_component id="oc-e2">
         <name>.debug_line</name>
         <load_address>0x1322</load_address>
         <run_address>0x1322</run_address>
         <size>0x64</size>
         <input_file_ref idref="fl-4b"/>
      </object_component>
      <object_component id="oc-e6">
         <name>.debug_line</name>
         <load_address>0x1386</load_address>
         <run_address>0x1386</run_address>
         <size>0x40</size>
         <input_file_ref idref="fl-4c"/>
      </object_component>
      <object_component id="oc-eb">
         <name>.debug_line</name>
         <load_address>0x13c6</load_address>
         <run_address>0x13c6</run_address>
         <size>0x3d</size>
         <input_file_ref idref="fl-4d"/>
      </object_component>
      <object_component id="oc-f2">
         <name>.debug_line</name>
         <load_address>0x1403</load_address>
         <run_address>0x1403</run_address>
         <size>0xba</size>
         <input_file_ref idref="fl-4f"/>
      </object_component>
      <object_component id="oc-f7">
         <name>.debug_line</name>
         <load_address>0x14bd</load_address>
         <run_address>0x14bd</run_address>
         <size>0x5e</size>
         <input_file_ref idref="fl-50"/>
      </object_component>
      <object_component id="oc-fc">
         <name>.debug_line</name>
         <load_address>0x151b</load_address>
         <run_address>0x151b</run_address>
         <size>0x82</size>
         <input_file_ref idref="fl-51"/>
      </object_component>
      <object_component id="oc-101">
         <name>.debug_line</name>
         <load_address>0x159d</load_address>
         <run_address>0x159d</run_address>
         <size>0x55</size>
         <input_file_ref idref="fl-52"/>
      </object_component>
      <object_component id="oc-106">
         <name>.debug_line</name>
         <load_address>0x15f2</load_address>
         <run_address>0x15f2</run_address>
         <size>0x5e</size>
         <input_file_ref idref="fl-53"/>
      </object_component>
      <object_component id="oc-10b">
         <name>.debug_line</name>
         <load_address>0x1650</load_address>
         <run_address>0x1650</run_address>
         <size>0x93</size>
         <input_file_ref idref="fl-54"/>
      </object_component>
      <object_component id="oc-110">
         <name>.debug_line</name>
         <load_address>0x16e3</load_address>
         <run_address>0x16e3</run_address>
         <size>0x68</size>
         <input_file_ref idref="fl-55"/>
      </object_component>
      <object_component id="oc-115">
         <name>.debug_line</name>
         <load_address>0x174b</load_address>
         <run_address>0x174b</run_address>
         <size>0x71</size>
         <input_file_ref idref="fl-56"/>
      </object_component>
      <object_component id="oc-11a">
         <name>.debug_line</name>
         <load_address>0x17bc</load_address>
         <run_address>0x17bc</run_address>
         <size>0x5a</size>
         <input_file_ref idref="fl-57"/>
      </object_component>
      <object_component id="oc-11f">
         <name>.debug_line</name>
         <load_address>0x1816</load_address>
         <run_address>0x1816</run_address>
         <size>0x5d</size>
         <input_file_ref idref="fl-58"/>
      </object_component>
      <object_component id="oc-124">
         <name>.debug_line</name>
         <load_address>0x1873</load_address>
         <run_address>0x1873</run_address>
         <size>0x54</size>
         <input_file_ref idref="fl-59"/>
      </object_component>
      <object_component id="oc-129">
         <name>.debug_line</name>
         <load_address>0x18c7</load_address>
         <run_address>0x18c7</run_address>
         <size>0x4d</size>
         <input_file_ref idref="fl-5a"/>
      </object_component>
      <object_component id="oc-12e">
         <name>.debug_line</name>
         <load_address>0x1914</load_address>
         <run_address>0x1914</run_address>
         <size>0x3c</size>
         <input_file_ref idref="fl-61"/>
      </object_component>
      <object_component id="oc-133">
         <name>.debug_line</name>
         <load_address>0x1950</load_address>
         <run_address>0x1950</run_address>
         <size>0x4e</size>
         <input_file_ref idref="fl-62"/>
      </object_component>
      <object_component id="oc-137">
         <name>.debug_line</name>
         <load_address>0x199e</load_address>
         <run_address>0x199e</run_address>
         <size>0x59</size>
         <input_file_ref idref="fl-63"/>
      </object_component>
      <object_component id="oc-13c">
         <name>.debug_line</name>
         <load_address>0x19f7</load_address>
         <run_address>0x19f7</run_address>
         <size>0x5e</size>
         <input_file_ref idref="fl-64"/>
      </object_component>
      <object_component id="oc-140">
         <name>.debug_line</name>
         <load_address>0x1a55</load_address>
         <run_address>0x1a55</run_address>
         <size>0x68</size>
         <input_file_ref idref="fl-65"/>
      </object_component>
      <object_component id="oc-145">
         <name>.debug_line</name>
         <load_address>0x1abd</load_address>
         <run_address>0x1abd</run_address>
         <size>0x45</size>
         <input_file_ref idref="fl-66"/>
      </object_component>
      <object_component id="oc-14a">
         <name>.debug_line</name>
         <load_address>0x1b02</load_address>
         <run_address>0x1b02</run_address>
         <size>0x2b</size>
         <input_file_ref idref="fl-67"/>
      </object_component>
      <object_component id="oc-14e">
         <name>.debug_line</name>
         <load_address>0x1b2d</load_address>
         <run_address>0x1b2d</run_address>
         <size>0x42</size>
         <input_file_ref idref="fl-68"/>
      </object_component>
      <object_component id="oc-152">
         <name>.debug_line</name>
         <load_address>0x1b6f</load_address>
         <run_address>0x1b6f</run_address>
         <size>0x4b</size>
         <input_file_ref idref="fl-69"/>
      </object_component>
      <object_component id="oc-157">
         <name>.debug_line</name>
         <load_address>0x1bba</load_address>
         <run_address>0x1bba</run_address>
         <size>0x3e</size>
         <input_file_ref idref="fl-6a"/>
[...]
      </symbol>
      <symbol id="sm-392">
         <name>I_ASR_9</name>
         <value>0xe498</value>
         <object_component_ref idref="oc-ad"/>
      </symbol>
      <symbol id="sm-393">
         <name>I_ASR_8</name>
         <value>0xe49a</value>
         <object_component_ref idref="oc-ad"/>
      </symbol>
      <symbol id="sm-39f">
         <name>L_ASR_12</name>
         <value>0xe258</value>
         <object_component_ref idref="oc-181"/>
      </symbol>
      <symbol id="sm-3a0">
         <name>L_ASR_13</name>
         <value>0xe254</value>
         <object_component_ref idref="oc-181"/>
      </symbol>
      <symbol id="sm-3a1">
         <name>L_ASR_10</name>
         <value>0xe260</value>
         <object_component_ref idref="oc-181"/>
      </symbol>
      <symbol id="sm-3a2">
         <name>L_ASR_11</name>
         <value>0xe25c</value>
         <object_component_ref idref="oc-181"/>
      </symbol>
      <symbol id="sm-3a3">
         <name>L_ASR_14</name>
         <value>0xe250</value>
         <object_component_ref idref="oc-181"/>
      </symbol>
      <symbol id="sm-3a4">
         <name>L_ASR_15</name>
         <value>0xe24c</value>
         <object_component_ref idref="oc-181"/>
      </symbol>
      <symbol id="sm-3a5">
         <name>L_ASR_3</name>
         <value>0xe27c</value>
         <object_component_ref idref="oc-181"/>
      </symbol>
      <symbol id="sm-3a6">
         <name>L_ASR_2</name>
         <value>0xe280</value>
         <object_component_ref idref="oc-181"/>
      </symbol>
      <symbol id="sm-3a7">
         <name>L_ASR_1</name>
         <value>0xe284</value>
         <object_component_ref idref="oc-181"/>
      </symbol>
      <symbol id="sm-3a8">
         <name>L_ASR_7</name>
         <value>0xe26c</value>
         <object_component_ref idref="oc-181"/>
      </symbol>
      <symbol id="sm-3a9">
         <name>L_ASR_6</name>
         <value>0xe270</value>
         <object_component_ref idref="oc-181"/>
      </symbol>
      <symbol id="sm-3aa">
         <name>L_ASR_5</name>
         <value>0xe274</value>
         <object_component_ref idref="oc-181"/>
      </symbol>
      <symbol id="sm-3ab">
         <name>L_ASR_4</name>
         <value>0xe278</value>
         <object_component_ref idref="oc-181"/>
      </symbol>
      <symbol id="sm-3ac">
         <name>L_ASR_9</name>
         <value>0xe264</value>
         <object_component_ref idref="oc-181"/>
      </symbol>
      <symbol id="sm-3ad">
         <name>L_ASR_8</name>
         <value>0xe268</value>
         <object_component_ref idref="oc-181"/>
      </symbol>
      <symbol id="sm-3bc">
         <name>_stack</name>
         <value>0x3b0</value>
         <object_component_ref idref="oc-b7"/>
      </symbol>
      <symbol id="sm-3bd">
         <name>_reset_vector</name>
         <value>0xfffe</value>
         <object_component_ref idref="oc-b8"/>
      </symbol>
      <symbol id="sm-3cb">
         <name>_c_int00_noargs_noexit</name>
         <value>0xe6c2</value>
         <object_component_ref idref="oc-36"/>
      </symbol>
      <symbol id="sm-3f6">
         <name>__remi</name>
         <value>0xe4ac</value>
         <object_component_ref idref="oc-d1"/>
      </symbol>
      <symbol id="sm-3f7">
         <name>__divi</name>
         <value>0xe4ac</value>
         <object_component_ref idref="oc-d1"/>
      </symbol>
      <symbol id="sm-405">
         <name>__remu</name>
         <value>0xe6f6</value>
         <object_component_ref idref="oc-d6"/>
      </symbol>
      <symbol id="sm-406">
         <name>__divu</name>
         <value>0xe6f6</value>
         <object_component_ref idref="oc-d6"/>
      </symbol>
      <symbol id="sm-417">
         <name>__remli</name>
         <value>0xe18e</value>
         <object_component_ref idref="oc-db"/>
      </symbol>
      <symbol id="sm-418">
         <name>__divli</name>
         <value>0xe18e</value>
         <object_component_ref idref="oc-db"/>
      </symbol>
      <symbol id="sm-42b">
         <name>__divul</name>
         <value>0xdb6e</value>
         <object_component_ref idref="oc-e0"/>
      </symbol>
      <symbol id="sm-42c">
         <name>__remul</name>
         <value>0xdb6e</value>
         <object_component_ref idref="oc-e0"/>
      </symbol>
      <symbol id="sm-439">
         <name>func_epilog_1</name>
         <value>0xe764</value>
         <object_component_ref idref="oc-176"/>
      </symbol>
      <symbol id="sm-43a">
         <name>func_epilog_2</name>
         <value>0xe762</value>
         <object_component_ref idref="oc-176"/>
      </symbol>
      <symbol id="sm-43b">
         <name>func_epilog_3</name>
         <value>0xe760</value>
         <object_component_ref idref="oc-176"/>
      </symbol>
      <symbol id="sm-43c">
         <name>func_epilog_4</name>
         <value>0xe75e</value>
         <object_component_ref idref="oc-176"/>
      </symbol>
      <symbol id="sm-43d">
         <name>func_epilog_5</name>
         <value>0xe75c</value>
         <object_component_ref idref="oc-176"/>
      </symbol>
      <symbol id="sm-43e">
         <name>func_epilog_6</name>
         <value>0xe75a</value>
         <object_component_ref idref="oc-176"/>
      </symbol>
      <symbol id="sm-43f">
         <name>func_epilog_7</name>
         <value>0xe758</value>
         <object_component_ref idref="oc-176"/>
      </symbol>
      <symbol id="sm-44d">
         <name>C$$EXIT</name>
         <value>0xe7d2</value>
         <object_component_ref idref="oc-175"/>
      </symbol>
      <symbol id="sm-44e">
         <name>abort</name>
         <value>0xe7d2</value>
         <object_component_ref idref="oc-175"/>
      </symbol>
      <symbol id="sm-47c">
         <name>__fs_add</name>
         <value>0xcc84</value>
         <object_component_ref idref="oc-f0"/>
      </symbol>
      <symbol id="sm-47d">
         <name>__fs_sub</name>
         <value>0xcc7e</value>
         <object_component_ref idref="oc-f0"/>
      </symbol>
      <symbol id="sm-496">
         <name>__fs_cmp</name>
         <value>0xde8a</value>
         <object_component_ref idref="oc-f5"/>
      </symbol>
      <symbol id="sm-4ba">
         <name>__fs_div</name>
         <value>0xd42c</value>
         <object_component_ref idref="oc-fa"/>
      </symbol>
      <symbol id="sm-4d1">
         <name>__fs_itof</name>
         <value>0xe3b6</value>
         <object_component_ref idref="oc-ff"/>
      </symbol>
      <symbol id="sm-4eb">
         <name>__fs_ltof</name>
         <value>0xded4</value>
         <object_component_ref idref="oc-104"/>
      </symbol>
      <symbol id="sm-515">
         <name>__fs_mpy</name>
         <value>0xd14e</value>
         <object_component_ref idref="oc-109"/>
      </symbol>
      <symbol id="sm-531">
         <name>__fs_toi</name>
         <value>0xd926</value>
         <object_component_ref idref="oc-10e"/>
      </symbol>
      <symbol id="sm-54f">
         <name>__fs_tol</name>
         <value>0xd6e6</value>
         <object_component_ref idref="oc-113"/>
      </symbol>
      <symbol id="sm-568">
         <name>__fs_tou</name>
         <value>0xe084</value>
         <object_component_ref idref="oc-118"/>
      </symbol>
      <symbol id="sm-581">
         <name>__fs_toul</name>
         <value>0xdd14</value>
         <object_component_ref idref="oc-11d"/>
      </symbol>
      <symbol id="sm-596">
         <name>__fs_ultof</name>
         <value>0xe41e</value>
         <object_component_ref idref="oc-122"/>
      </symbol>
      <symbol id="sm-5aa">
         <name>__fs_utof</name>
         <value>0xe5c6</value>
         <object_component_ref idref="oc-127"/>
      </symbol>
      <symbol id="sm-5ae">
         <name>__TI_int03</name>
         <value>0xffe6</value>
         <object_component_ref idref="oc-25"/>
      </symbol>
      <symbol id="sm-5b2">
         <name>__TI_int06</name>
         <value>0xffec</value>
         <object_component_ref idref="oc-28"/>
      </symbol>
      <symbol id="sm-5b6">
         <name>__TI_int07</name>
         <value>0xffee</value>
         <object_component_ref idref="oc-29"/>
      </symbol>
      <symbol id="sm-5ba">
         <name>__TI_int11</name>
         <value>0xfff6</value>
         <object_component_ref idref="oc-2d"/>
      </symbol>
      <symbol id="sm-5be">
         <name>__TI_int12</name>
         <value>0xfff8</value>
         <object_component_ref idref="oc-2e"/>
      </symbol>
      <symbol id="sm-5c2">
         <name>__TI_int14</name>
         <value>0xfffc</value>
         <object_component_ref idref="oc-30"/>
      </symbol>
      <symbol id="sm-5ce">
         <name>__TI_ISR_TRAP</name>
         <value>0xe7c2</value>
         <object_component_ref idref="oc-12c"/>
      </symbol>
      <symbol id="sm-5da">
         <name>I_LSL</name>
         <value>0xe4d8</value>
         <object_component_ref idref="oc-131"/>
      </symbol>
      <symbol id="sm-5db">
         <name>I_LSL_3</name>
         <value>0xe4fc</value>
         <object_component_ref idref="oc-131"/>
      </symbol>
      <symbol id="sm-5dc">
         <name>I_LSL_2</name>
         <value>0xe4fe</value>
         <object_component_ref idref="oc-131"/>
      </symbol>
      <symbol id="sm-5dd">
         <name>I_LSL_1</name>
         <value>0xe500</value>
         <object_component_ref idref="oc-131"/>
      </symbol>
      <symbol id="sm-5de">
         <name>I_LSL_7</name>
         <value>0xe4f4</value>
         <object_component_ref idref="oc-131"/>
      </symbol>
      <symbol id="sm-5df">
         <name>I_LSL_6</name>
         <value>0xe4f6</value>
         <object_component_ref idref="oc-131"/>
      </symbol>
      <symbol id="sm-5e0">
         <name>I_LSL_5</name>
         <value>0xe4f8</value>
         <object_component_ref idref="oc-131"/>
      </symbol>
      <symbol id="sm-5e1">
         <name>I_LSL_4</name>
         <value>0xe4fa</value>
         <object_component_ref idref="oc-131"/>
      </symbol>
      <symbol id="sm-5e2">
         <name>I_LSL_9</name>
         <value>0xe4f0</value>
         <object_component_ref idref="oc-131"/>
      </symbol>
      <symbol id="sm-5e3">
         <name>I_LSL_8</name>
         <value>0xe4f2</value>
         <object_component_ref idref="oc-131"/>
      </symbol>
      <symbol id="sm-5e4">
         <name>I_LSL_12</name>
         <value>0xe4ea</value>
         <object_component_ref idref="oc-131"/>
      </symbol>
      <symbol id="sm-5e5">
         <name>I_LSL_13</name>
         <value>0xe4e8</value>
         <object_component_ref idref="oc-131"/>
      </symbol>
      <symbol id="sm-5e6">
         <name>I_LSL_10</name>
         <value>0xe4ee</value>
         <object_component_ref idref="oc-131"/>
      </symbol>
      <symbol id="sm-5e7">
         <name>I_LSL_11</name>
         <value>0xe4ec</value>
         <object_component_ref idref="oc-131"/>
      </symbol>
      <symbol id="sm-5e8">
         <name>I_LSL_14</name>
         <value>0xe4e6</value>
         <object_component_ref idref="oc-131"/>
      </symbol>
      <symbol id="sm-5e9">
         <name>I_LSL_15</name>
         <value>0xe4e4</value>
         <object_component_ref idref="oc-131"/>
      </symbol>
      <symbol id="sm-5f5">
         <name>L_LSL_3</name>
         <value>0xe2ba</value>
         <object_component_ref idref="oc-180"/>
      </symbol>
      <symbol id="sm-5f6">
         <name>L_LSL_2</name>
         <value>0xe2be</value>
         <object_component_ref idref="oc-180"/>
      </symbol>
      <symbol id="sm-5f7">
         <name>L_LSL_1</name>
         <value>0xe2c2</value>
         <object_component_ref idref="oc-180"/>
      </symbol>
      <symbol id="sm-5f8">
         <name>L_LSL_7</name>
         <value>0xe2aa</value>
         <object_component_ref idref="oc-180"/>
      </symbol>
      <symbol id="sm-5f9">
         <name>L_LSL_6</name>
         <value>0xe2ae</value>
         <object_component_ref idref="oc-180"/>
      </symbol>
      <symbol id="sm-5fa">
         <name>L_LSL_5</name>
         <value>0xe2b2</value>
         <object_component_ref idref="oc-180"/>
      </symbol>
      <symbol id="sm-5fb">
         <name>L_LSL_4</name>
         <value>0xe2b6</value>
         <object_component_ref idref="oc-180"/>
      </symbol>
      <symbol id="sm-5fc">
         <name>L_LSL_9</name>
         <value>0xe2a2</value>
         <object_component_ref idref="oc-180"/>
      </symbol>
      <symbol id="sm-5fd">
         <name>L_LSL_8</name>
         <value>0xe2a6</value>
         <object_component_ref idref="oc-180"/>
      </symbol>
      <symbol id="sm-5fe">
         <name>L_LSL_12</name>
         <value>0xe296</value>
         <object_component_ref idref="oc-180"/>
      </symbol>
      <symbol id="sm-5ff">
         <name>L_LSL_13</name>
         <value>0xe292</value>
         <object_component_ref idref="oc-180"/>
      </symbol>
      <symbol id="sm-600">
         <name>L_LSL_10</name>
         <value>0xe29e</value>
         <object_component_ref idref="oc-180"/>
      </symbol>
      <symbol id="sm-601">
         <name>L_LSL_11</name>
         <value>0xe29a</value>
         <object_component_ref idref="oc-180"/>
      </symbol>
      <symbol id="sm-602">
         <name>L_LSL_14</name>
         <value>0xe28e</value>
         <object_component_ref idref="oc-180"/>
      </symbol>
      <symbol id="sm-603">
         <name>L_LSL_15</name>
         <value>0xe28a</value>
         <object_component_ref idref="oc-180"/>
      </symbol>
      <symbol id="sm-60f">
         <name>I_LSR</name>
         <value>0xdd60</value>
         <object_component_ref idref="oc-13a"/>
      </symbol>
      <symbol id="sm-610">
         <name>I_LSR_12</name>
         <value>0xdd7a</value>
         <object_component_ref idref="oc-13a"/>
      </symbol>
      <symbol id="sm-611">
         <name>I_LSR_13</name>
         <value>0xdd76</value>
         <object_component_ref idref="oc-13a"/>
      </symbol>
      <symbol id="sm-612">
         <name>I_LSR_10</name>
         <value>0xdd82</value>
         <object_component_ref idref="oc-13a"/>
      </symbol>
      <symbol id="sm-613">
         <name>I_LSR_11</name>
         <value>0xdd7e</value>
         <object_component_ref idref="oc-13a"/>
      </symbol>
      <symbol id="sm-614">
         <name>I_LSR_14</name>
         <value>0xdd72</value>
         <object_component_ref idref="oc-13a"/>
      </symbol>
      <symbol id="sm-615">
         <name>I_LSR_15</name>
         <value>0xdd6e</value>
         <object_component_ref idref="oc-13a"/>
      </symbol>
      <symbol id="sm-616">
         <name>I_LSR_3</name>
         <value>0xdd9e</value>
         <object_component_ref idref="oc-13a"/>
      </symbol>
      <symbol id="sm-617">
         <name>I_LSR_2</name>
         <value>0xdda2</value>
         <object_component_ref idref="oc-13a"/>
      </symbol>
      <symbol id="sm-618">
         <name>I_LSR_1</name>
         <value>0xdda6</value>
         <object_component_ref idref="oc-13a"/>
      </symbol>
      <symbol id="sm-619">
         <name>I_LSR_7</name>
         <value>0xdd8e</value>
         <object_component_ref idref="oc-13a"/>
      </symbol>
      <symbol id="sm-61a">
         <name>I_LSR_6</name>
         <value>0xdd92</value>
         <object_component_ref idref="oc-13a"/>
      </symbol>
      <symbol id="sm-61b">
         <name>I_LSR_5</name>
         <value>0xdd96</value>
         <object_component_ref idref="oc-13a"/>
      </symbol>
      <symbol id="sm-61c">
         <name>I_LSR_4</name>
         <value>0xdd9a</value>
         <object_component_ref idref="oc-13a"/>
      </symbol>
      <symbol id="sm-61d">
         <name>I_LSR_9</name>
         <value>0xdd86</value>
         <object_component_ref idref="oc-13a"/>
      </symbol>
      <symbol id="sm-61e">
         <name>I_LSR_8</name>
         <value>0xdd8a</value>
         <object_component_ref idref="oc-13a"/>
      </symbol>
      <symbol id="sm-62a">
         <name>L_LSR_12</name>
         <value>0xdb24</value>
         <object_component_ref idref="oc-17f"/>
      </symbol>
      <symbol id="sm-62b">
         <name>L_LSR_13</name>
         <value>0xdb1e</value>
         <object_component_ref idref="oc-17f"/>
      </symbol>
      <symbol id="sm-62c">
         <name>L_LSR_10</name>
         <value>0xdb30</value>
         <object_component_ref idref="oc-17f"/>
      </symbol>
      <symbol id="sm-62d">
         <name>L_LSR_11</name>
         <value>0xdb2a</value>
         <object_component_ref idref="oc-17f"/>
      </symbol>
      <symbol id="sm-62e">
         <name>L_LSR_14</name>
         <value>0xdb18</value>
         <object_component_ref idref="oc-17f"/>
      </symbol>
      <symbol id="sm-62f">
         <name>L_LSR_15</name>
         <value>0xdb12</value>
         <object_component_ref idref="oc-17f"/>
      </symbol>
      <symbol id="sm-630">
         <name>L_LSR_3</name>
         <value>0xdb5a</value>
         <object_component_ref idref="oc-17f"/>
      </symbol>
      <symbol id="sm-631">
         <name>L_LSR_2</name>
         <value>0xdb60</value>
         <object_component_ref idref="oc-17f"/>
      </symbol>
      <symbol id="sm-632">
         <name>L_LSR_1</name>
         <value>0xdb66</value>
         <object_component_ref idref="oc-17f"/>
      </symbol>
      <symbol id="sm-633">
         <name>L_LSR_7</name>
         <value>0xdb42</value>
         <object_component_ref idref="oc-17f"/>
      </symbol>
      <symbol id="sm-634">
         <name>L_LSR_6</name>
         <value>0xdb48</value>
         <object_component_ref idref="oc-17f"/>
      </symbol>
      <symbol id="sm-635">
         <name>L_LSR_5</name>
         <value>0xdb4e</value>
         <object_component_ref idref="oc-17f"/>
      </symbol>
      <symbol id="sm-636">
         <name>L_LSR_4</name>
         <value>0xdb54</value>
         <object_component_ref idref="oc-17f"/>
      </symbol>
      <symbol id="sm-637">
         <name>L_LSR_9</name>
         <value>0xdb36</value>
         <object_component_ref idref="oc-17f"/>
      </symbol>
      <symbol id="sm-638">
         <name>L_LSR_8</name>
         <value>0xdb3c</value>
         <object_component_ref idref="oc-17f"/>
      </symbol>
      <symbol id="sm-646">
         <name>memcpy</name>
         <value>0xe746</value>
         <object_component_ref idref="oc-169"/>
      </symbol>
      <symbol id="sm-65d">
         <name>__mpyi_sw</name>
         <value>0xe720</value>
         <object_component_ref idref="oc-192"/>
      </symbol>
      <symbol id="sm-65e">
         <name>__mpyi</name>
         <value>0xe720</value>
         <object_component_ref idref="oc-192"/>
      </symbol>
      <symbol id="sm-66c">
         <name>__mpyl</name>
         <value>0xe5a0</value>
         <object_component_ref idref="oc-1c3"/>
      </symbol>
      <symbol id="sm-66d">
         <name>__mpyl_sw</name>
         <value>0xe5a0</value>
         <object_component_ref idref="oc-1c3"/>
      </symbol>
      <symbol id="sm-679">
         <name>_system_pre_init</name>
         <value>0xe7ce</value>
         <object_component_ref idref="oc-16f"/>
      </symbol>
      <symbol id="sm-69f">
         <name>_auto_init</name>
         <value>0xdf68</value>
         <object_component_ref idref="oc-170"/>
      </symbol>
   </symbol_table>
   <title>Link successful</title>
</link_info>
